// Jest Snapshot v1, https://goo.gl/fbAQLP

exports[`Client Info Form Component matches snapshot without any props 1`] = `
<div
  className="container"
>
  <h1>
    Lookup Client
  </h1>
  <form
    onSubmit={[Function]}
  >
    <div
      className="formContainer"
    >
      <label>
        First name
        <input
          name="firstName"
          onChange={[Function]}
          type="text"
          value=""
        />
      </label>
      <label>
        Last name
        <input
          name="lastName"
          onChange={[Function]}
          type="text"
          value=""
        />
      </label>
      <label>
        Birthday
        <div
          className="birthdayControlsContainer"
        >
          <input
            id="birthday"
            name="birthday"
            onChange={[Function]}
            type="date"
            value="4/29/2023"
          />
          <input
            checked={false}
            id="filterByBirthday"
            name="filterByBirthday"
            onChange={[Function]}
            title="Check to search with birthday"
            type="checkbox"
          />
        </div>
      </label>
    </div>
    <div
      className="formControls"
    >
      <button
        type="submit"
      >
        Search
        <img
          alt="client-search-icon"
          data-nimg="1"
          decoding="async"
          height={20}
          loading="lazy"
          onError={[Function]}
          onLoad={[Function]}
          src="/search.svg"
          style={
            {
              "color": "transparent",
            }
          }
          width={20}
        />
      </button>
      <a
        href="/add-client"
        onClick={[Function]}
        onMouseEnter={[Function]}
        onTouchStart={[Function]}
      >
        <button>
          New Client
        </button>
      </a>
      <button
        onClick={[Function]}
        type="button"
      >
        Clear
      </button>
    </div>
  </form>
</div>
`;
