// Jest Snapshot v1, https://goo.gl/fbAQLP

exports[`CheckedIn shoudld match snapshot when client data is fetching 1`] = `
<div>
  <div
    className="spinner"
  >
    <div />
  </div>
</div>
`;

exports[`CheckedIn should match snapshot when clientData fetched 1`] = `
<div
  className="container"
>
  <h1>
    Check-in Page
  </h1>
  <div
    className="rowContainer"
  >
    <h1>
      First undefined Last
    </h1>
    <span
      className="success"
    >
      Checked In
    </span>
  </div>
  <hr />
  <div
    className="rowContainer"
  >
    <a
      href="/update/abcd"
      onClick={[Function]}
      onMouseEnter={[Function]}
      onTouchStart={[Function]}
    >
      <button
        className="undefined defaultButton"
      >
        Edit
      </button>
    </a>
    <a
      href="/profile/abcd"
      onClick={[Function]}
      onMouseEnter={[Function]}
      onTouchStart={[Function]}
    >
      <button
        className="undefined defaultButton"
      >
        Profile
      </button>
    </a>
  </div>
  <div
    className="rowContainer"
  >
    <details>
      <summary>
        <h2
          onClick={[Function]}
        >
          Show Client Info 
          ⬇
        </h2>
      </summary>
      <div
        className="rowContainer"
      />
      <div
        className="rowContainer"
      >
        <h3>
          Notes
        </h3>
        <p>
          Notes
        </p>
      </div>
    </details>
  </div>
  <form
    onSubmit={[Function]}
  >
    <button
      className="submitBtn defaultButton"
      type="submit"
    >
      New Visit / Check-in
    </button>
    <h2>
      Clothing
    </h2>
    <div
      className="formRows"
    >
      <div
        className="rowItems"
      >
        <div
          className="formItem"
        >
          <label
            htmlFor="clothingMen"
          >
            Men
          </label>
          <input
            checked={false}
            id="clothingMen"
            label="Men"
            onChange={[Function]}
            type="checkbox"
          />
        </div>
        <div
          className="formItem"
        >
          <label
            htmlFor="mensQ"
          />
          <input
            hidden={true}
            id="mensQ"
            min={0}
            onChange={[Function]}
            type="number"
            value=""
          />
        </div>
      </div>
      <div
        className="rowItems"
      >
        <div
          className="formItem"
        >
          <label
            htmlFor="clothingWomen"
          >
            Women
          </label>
          <input
            checked={false}
            id="clothingWomen"
            label="Women"
            onChange={[Function]}
            type="checkbox"
          />
        </div>
        <div
          className="formItem"
        >
          <label
            htmlFor="womensQ"
          />
          <input
            hidden={true}
            id="womensQ"
            min={0}
            onChange={[Function]}
            type="number"
            value=""
          />
        </div>
      </div>
      <div
        className="rowItems"
      >
        <div
          className="formItem"
        >
          <label
            htmlFor="clothingBoy"
          >
            Kids (Boy)
          </label>
          <input
            checked={false}
            id="clothingBoy"
            label="Kids (Boy)"
            onChange={[Function]}
            type="checkbox"
          />
        </div>
        <div
          className="formItem"
        >
          <label
            htmlFor="clothingGirl"
          >
            Kids (Girl)
          </label>
          <input
            checked={false}
            id="clothingGirl"
            label="Kids (Girl)"
            onChange={[Function]}
            type="checkbox"
          />
        </div>
        <div
          className="formItem"
        >
          <label
            htmlFor="kidsQ"
          />
          <input
            hidden={true}
            id="kidsQ"
            min={0}
            onChange={[Function]}
            type="number"
            value=""
          />
        </div>
      </div>
    </div>
    <h2>
      Special Requests
    </h2>
    <div
      className="formRow"
    >
      <div
        className="formItem"
      >
        <label
          htmlFor="busTicket"
        >
          Bus Ticket
        </label>
        <input
          id="busTicket"
          label="Bus Ticket"
          min={0}
          onChange={[Function]}
          type="number"
          value=""
        />
      </div>
      <div
        className="formItem"
      >
        <label
          htmlFor="orcaCard"
        >
          Orca Card
        </label>
        <input
          id="orcaCard"
          label="Orca Card"
          min={0}
          onChange={[Function]}
          type="number"
          value=""
        />
      </div>
      <div
        className="formItem"
      >
        <label
          htmlFor="giftCard"
        >
          Gift Card
        </label>
        <input
          id="giftCard"
          label="Gift Card"
          min={0}
          onChange={[Function]}
          type="number"
          value=""
        />
      </div>
      <div
        className="formItem"
      >
        <label
          htmlFor="diaper"
        >
          Diaper
        </label>
        <input
          id="diaper"
          label="Diaper"
          min={0}
          onChange={[Function]}
          type="number"
          value=""
        />
      </div>
      <div
        className="formItem"
      >
        <label
          htmlFor="financialAssistance"
        >
          Financial Assistance
        </label>
        <input
          id="financialAssistance"
          label="Financial Assistance"
          min={0}
          onChange={[Function]}
          type="number"
          value=""
        />
      </div>
    </div>
    <div
      className="formRow"
    >
      <div
        className="formItem"
      >
        <label
          htmlFor="backpack"
        >
          Backpack
        </label>
        <input
          checked={false}
          id="backpack"
          label="Backpack"
          onChange={[Function]}
          type="checkbox"
        />
      </div>
      <div
        className="formItem"
      >
        <label
          htmlFor="sleepingBag"
        >
          Sleeping Bag
        </label>
        <input
          checked={false}
          id="sleepingBag"
          label="Sleeping Bag"
          onChange={[Function]}
          type="checkbox"
        />
      </div>
    </div>
    <h2>
      Household items
    </h2>
    <div
      className="formItem"
    >
      <label
        htmlFor="household"
      />
      <textarea
        id="household"
        onChange={[Function]}
        rows={3}
        type="textarea"
        value=""
      />
    </div>
    <h2>
      Notes
    </h2>
    <div
      className="formItem"
    >
      <label
        htmlFor="notes"
      />
      <textarea
        id="notes"
        onChange={[Function]}
        rows={3}
        type="textarea"
        value=""
      />
    </div>
    <button
      className="submitBtn defaultButton"
      type="submit"
    >
      New Visit / Check-in
    </button>
  </form>
  <dialog
    className="undefined modal"
    onCancel={[Function]}
    onClick={[Function]}
  >
    <div
      onClick={[Function]}
    >
      <h3>
        Early Visit For 
        First
      </h3>
      <hr />
      <h4>
        Last Visit:
         
        <span>
           | 
           day(s) left
        </span>
      </h4>
      <h4>
        Last Backpack:
         
        <span>
           
          | 
           day(s) left
        </span>
      </h4>
      <h4>
        Last Sleeping Bag:
         
        <span>
           
          | 
           day(s) left
        </span>
      </h4>
      <div
        className="rowContainer"
      >
        <button
          className="undefined defaultButton"
          onClick={[Function]}
        >
          Cancel
        </button>
        <button
          className="undefined defaultButton"
          onClick={[Function]}
        >
          Force Check-in
        </button>
      </div>
    </div>
  </dialog>
</div>
`;
