// Jest Snapshot v1, https://goo.gl/fbAQLP

exports[`Client Info Form Component matches snapshot without any props 1`] = `
<div
  className="container"
>
  <div
    className="titleContainer"
  >
    <h1>
      Client Form
    </h1>
    <div
      className="titleItem"
    >
      <label
        htmlFor="unhoused"
      >
        Unhoused
      </label>
      <input
        defaultChecked={false}
        id="unhoused"
        name="unhoused"
        onChange={[Function]}
        title="Check if client is unhoused"
        type="checkbox"
        value="off"
      />
    </div>
    <div
      className="titleItem"
    >
      <label
        htmlFor="isBanned"
      >
        Ban
      </label>
      <input
        defaultChecked={false}
        id="isBanned"
        name="isBanned"
        onChange={[Function]}
        title="Check if client is banned"
        type="checkbox"
        value="off"
      />
    </div>
  </div>
  <form>
    <div
      className="formRows"
    >
      <div
        className="formRowItem"
      >
        <label
          htmlFor="firstName"
        >
          First name
        </label>
        <input
          id="firstName"
          onChange={[Function]}
          type="text"
          value=""
        />
      </div>
      <div
        className="formRowItem"
      >
        <label
          htmlFor="middleInitial"
        >
          Middle initial
        </label>
        <input
          id="middleInitial"
          onChange={[Function]}
          type="text"
          value=""
        />
      </div>
      <div
        className="formRowItem"
      >
        <label
          htmlFor="lastName"
        >
          Last name
        </label>
        <input
          id="lastName"
          onChange={[Function]}
          type="text"
          value=""
        />
      </div>
      <div
        className="formRowItem"
      >
        <label
          htmlFor="birthday"
        >
          Birthday
        </label>
        <input
          id="birthday"
          name="birthday"
          onChange={[Function]}
          title="Enter client's birthday MM/DD/YYYY"
          type="date"
          value=""
        />
      </div>
      <div
        className="formRowItem"
      >
        <label
          htmlFor="gender"
        >
          Gender
        </label>
        <input
          id="gender"
          onChange={[Function]}
          type="text"
          value=""
        />
        <br />
      </div>
      <div
        className="formRowItem"
      >
        <label
          htmlFor="race"
        >
          Race
        </label>
        <input
          id="race"
          onChange={[Function]}
          type="text"
          value=""
        />
      </div>
      <div
        className="formRowItem"
      >
        <label
          htmlFor="postalCode"
        >
          Postal code
        </label>
        <input
          id="postalCode"
          onChange={[Function]}
          type="text"
          value=""
        />
      </div>
      <div
        className="formRowItem"
      >
        <label
          htmlFor="numKids"
        >
          Number of Kids
        </label>
        <input
          id="numKids"
          onChange={[Function]}
          type="number"
          value=""
        />
      </div>
    </div>
    <div>
      <label
        htmlFor="notes"
      >
        Notes
      </label>
      <textarea
        id="notes"
        onChange={[Function]}
        rows={5}
        value=""
      />
    </div>
  </form>
  <div
    className="saveButtons"
  >
    <button
      className="saveButton"
      onClick={[Function]}
    >
      Save
    </button>
    <button
      className="saveButton"
      onClick={[Function]}
    >
      Save and check 
      in
    </button>
  </div>
</div>
`;
