// Jest Snapshot v1, https://goo.gl/fbAQLP

exports[`Client Info Form Component matches snapshot without any props 1`] = `
<div
  className="container"
>
  <form
    onSubmit={[Function]}
  >
    <div
      className="formRow"
    >
      <h1
        className="formTitle"
      >
        Client Form
      </h1>
      <div
        className="formTitleItem"
      >
        <label
          htmlFor="unhoused"
        >
          Unhoused
        </label>
        <input
          className="formTitleItem"
          defaultChecked={false}
          id="unhoused"
          label="Unhoused"
          name="unhoused"
          onChange={[Function]}
          title="Check if client is unhoused"
          type="checkbox"
          value="off"
        />
      </div>
      <div
        className="formTitleItem"
      >
        <label
          htmlFor="isBanned"
        >
          Ban
        </label>
        <input
          className="formTitleItem"
          defaultChecked={false}
          id="isBanned"
          label="Ban"
          name="isBanned"
          onChange={[Function]}
          title="Check if client is banned"
          type="checkbox"
          value="off"
        />
      </div>
    </div>
    <hr />
    <div
      className="formRow"
    >
      <div
        className="formItem"
      >
        <label
          htmlFor="firstName"
        >
          First name
        </label>
        <input
          id="firstName"
          label="First name"
          onChange={[Function]}
          required={false}
          value=""
        />
      </div>
      <div
        className="formItem"
      >
        <label
          htmlFor="middleInitial"
        >
          Middle initial
        </label>
        <input
          id="middleInitial"
          label="Middle initial"
          onChange={[Function]}
          value=""
        />
      </div>
      <div
        className="formItem"
      >
        <label
          htmlFor="lastName"
        >
          Last name
        </label>
        <input
          id="lastName"
          label="Last name"
          onChange={[Function]}
          value=""
        />
      </div>
      <div
        className="formItem"
      >
        <label
          htmlFor="birthday"
        >
          Birthday
        </label>
        <input
          id="birthday"
          label="Birthday"
          max="2023-05-05"
          name="birthday"
          onChange={[Function]}
          required={false}
          title="Client's birthday, use today's date if unknown"
          type="date"
          value=""
        />
      </div>
      <div
        className="formItem"
      >
        <label
          htmlFor="gender"
        >
          Gender
        </label>
        <input
          id="gender"
          label="Gender"
          onChange={[Function]}
          value=""
        />
      </div>
      <div
        className="formItem"
      >
        <label
          htmlFor="race"
        >
          Race
        </label>
        <input
          id="race"
          label="Race"
          onChange={[Function]}
          value=""
        />
      </div>
      <div
        className="formItem"
      >
        <label
          htmlFor="postalCode"
        >
          Postal code
        </label>
        <input
          id="postalCode"
          label="Postal code"
          onChange={[Function]}
          value=""
        />
      </div>
      <div
        className="formItem"
      >
        <label
          htmlFor="numKids"
        >
          Number of Kids
        </label>
        <input
          id="numKids"
          label="Number of Kids"
          onChange={[Function]}
          type="number"
          value=""
        />
      </div>
    </div>
    <div
      className="formRow"
    >
      <div
        className="formItem"
      >
        <label
          htmlFor="notes"
        >
          Notes
        </label>
        <textarea
          id="notes"
          label="Notes"
          onChange={[Function]}
          rows={5}
          type="textarea"
          value=""
        />
      </div>
    </div>
    <div
      className="saveButtons"
    />
  </form>
</div>
`;
